\BOOKMARK [1][-]{section.1}{\376\377\000I\000n\000t\000r\000o\000d\000u\000c\000t\000i\000o\000n}{}% 1
\BOOKMARK [1][-]{section.2}{\376\377\000G\000a\000u\000s\000s\000i\000a\000n\000\040\000N\000o\000i\000s\000e\000\040\000U\000n\000d\000e\000r\000\040\000R\000e\000f\000i\000n\000e\000m\000e\000n\000t}{}% 2
\BOOKMARK [2][-]{subsection.2.1}{\376\377\000R\000e\000l\000a\000t\000i\000v\000e\000\040\000c\000o\000v\000a\000r\000i\000a\000n\000c\000e\000\040\000a\000n\000d\000\040\000t\000h\000e\000\040\000f\000i\000n\000i\000t\000e\000\040\000c\000e\000r\000t\000i\000f\000i\000c\000a\000t\000e}{section.2}% 3
\BOOKMARK [2][-]{subsection.2.2}{\376\377\000S\000h\000e\000l\000l\000\040\000d\000i\000a\000g\000n\000o\000s\000t\000i\000c\000s}{section.2}% 4
\BOOKMARK [1][-]{section.3}{\376\377\000C\000e\000r\000t\000i\000f\000i\000c\000a\000t\000e\000s\000\040\000a\000n\000d\000\040\000T\000a\000s\000k\000-\000A\000w\000a\000r\000e\000\040\000B\000u\000d\000g\000e\000t\000i\000n\000g}{}% 5
\BOOKMARK [2][-]{subsection.3.1}{\376\377\000T\000h\000e\000\040\000f\000i\000n\000i\000t\000e\000\040\000a\000n\000d\000\040\000a\000s\000y\000m\000p\000t\000o\000t\000i\000c\000\040\000g\000u\000a\000r\000a\000n\000t\000e\000e\000s}{section.3}% 6
\BOOKMARK [2][-]{subsection.3.2}{\376\377\000A\000l\000l\000o\000c\000a\000t\000e\000\040\000t\000h\000e\000\040\000c\000o\000v\000a\000r\000i\000a\000n\000c\000e\000\040\000b\000u\000d\000g\000e\000t}{section.3}% 7
\BOOKMARK [2][-]{subsection.3.3}{\376\377\000R\000e\000s\000o\000l\000u\000t\000i\000o\000n\000\040\000a\000n\000d\000\040\000d\000i\000f\000f\000u\000s\000i\000o\000n\000\040\000t\000i\000m\000e}{section.3}% 8
\BOOKMARK [2][-]{subsection.3.4}{\376\377\000L\000a\000t\000e\000n\000t\000\040\000i\000m\000p\000l\000e\000m\000e\000n\000t\000a\000t\000i\000o\000n\000\040\000a\000n\000d\000\040\000a\000u\000d\000i\000t}{section.3}% 9
\BOOKMARK [1][-]{section.4}{\376\377\000E\000x\000p\000e\000r\000i\000m\000e\000n\000t\000s}{}% 10
\BOOKMARK [2][-]{subsection.4.1}{\376\377\000C\000o\000n\000t\000r\000o\000l\000l\000e\000d\000\040\000m\000i\000x\000e\000d\000\040\000s\000p\000e\000c\000t\000r\000a\000\040\000a\000n\000d\000\040\000a\000\040\000h\000i\000g\000h\000-\000f\000r\000e\000q\000u\000e\000n\000c\000y\000\040\000t\000a\000s\000k}{section.4}% 11
\BOOKMARK [2][-]{subsection.4.2}{\376\377\000L\000a\000t\000e\000n\000t\000\040\000d\000i\000f\000f\000u\000s\000i\000o\000n\000\040\000o\000v\000e\000r\000\040\000r\000e\000s\000o\000l\000u\000t\000i\000o\000n\000\040\000a\000n\000d\000\040\000t\000i\000m\000e}{section.4}% 12
\BOOKMARK [1][-]{section.5}{\376\377\000R\000e\000l\000a\000t\000e\000d\000\040\000W\000o\000r\000k}{}% 13
\BOOKMARK [1][-]{section.6}{\376\377\000C\000o\000n\000c\000l\000u\000s\000i\000o\000n}{}% 14
\BOOKMARK [1][-]{appendix.A}{\376\377\000C\000a\000r\000l\000e\000m\000a\000n\040\023\000F\000r\000e\000d\000h\000o\000l\000m\000\040\000F\000i\000n\000i\000t\000e\000\040\000P\000a\000r\000t}{}% 15
\BOOKMARK [1][-]{appendix.B}{\376\377\000P\000r\000o\000o\000f\000s\000\040\000f\000o\000r\000\040\000t\000h\000e\000\040\000F\000i\000n\000i\000t\000e\000\040\000C\000e\000r\000t\000i\000f\000i\000c\000a\000t\000e}{}% 16
\BOOKMARK [1][-]{appendix.C}{\376\377\000C\000o\000m\000p\000a\000t\000i\000b\000l\000e\000\040\000C\000o\000n\000t\000i\000n\000u\000u\000m\000\040\000R\000e\000a\000l\000i\000z\000a\000t\000i\000o\000n}{}% 17
\BOOKMARK [1][-]{appendix.D}{\376\377\000P\000r\000e\000c\000i\000s\000i\000o\000n\040\023\000C\000o\000v\000a\000r\000i\000a\000n\000c\000e\000\040\000B\000r\000i\000d\000g\000e}{}% 18
\BOOKMARK [1][-]{appendix.E}{\376\377\000T\000a\000s\000k\000-\000A\000w\000a\000r\000e\000\040\000P\000r\000o\000j\000e\000c\000t\000i\000o\000n}{}% 19
\BOOKMARK [1][-]{appendix.F}{\376\377\000T\000e\000m\000p\000o\000r\000a\000l\000\040\000B\000u\000d\000g\000e\000t\000\040\000I\000d\000e\000n\000t\000i\000t\000i\000e\000s}{}% 20
\BOOKMARK [1][-]{appendix.G}{\376\377\000E\000n\000c\000o\000d\000e\000r\000\040\000A\000u\000d\000i\000t\000\040\000a\000n\000d\000\040\000C\000o\000o\000r\000d\000i\000n\000a\000t\000e\000\040\000I\000n\000v\000a\000r\000i\000a\000n\000c\000e}{}% 21
\BOOKMARK [1][-]{appendix.H}{\376\377\000M\000a\000t\000r\000i\000x\000-\000F\000r\000e\000e\000\040\000E\000s\000t\000i\000m\000a\000t\000o\000r\000s\000\040\000a\000n\000d\000\040\000P\000r\000o\000b\000e\000\040\000C\000o\000s\000t}{}% 22
\BOOKMARK [1][-]{appendix.I}{\376\377\000F\000r\000e\000q\000u\000e\000n\000c\000y\000-\000M\000a\000t\000c\000h\000e\000d\000\040\000C\000o\000n\000t\000r\000o\000l\000s}{}% 23
\BOOKMARK [1][-]{appendix.J}{\376\377\000A\000d\000d\000i\000t\000i\000o\000n\000a\000l\000\040\000E\000x\000p\000e\000r\000i\000m\000e\000n\000t\000a\000l\000\040\000D\000e\000t\000a\000i\000l\000s}{}% 24
